Target\Linux_amd64\Bin\
Target\Linux_amd64\Obj\
Target\Linux_amd64\Lib\Obj\.gitignore
Target\Linux_amd64\Lib\Obj\.c
Target\Linux_amd64\Lib\Sym\.gitignore
Target\Linux_amd64\Lib\Test\
Target\Linux_amd64\Sym\
Target\Linux_armv7\Bin\
Target\Linux_armv7\Lib\Obj\.gitignore
Target\Linux_armv7\Lib\Obj\.c
Target\Linux_armv7\Lib\Sym\.gitignore
Target\Linux_armv7\Obj\
Target\Linux_armv7\Sym\
Target\Linux_i386\Bin\
Target\Linux_i386\Lib\Obj\.gitignore
Target\Linux_i386\Lib\Obj\.c
Target\Linux_i386\Lib\Sym\.gitignore
Target\Linux_i386\Lib\Test\
Target\Linux_i386\Obj\
Target\Linux_i386\Sym\
Target\macOS\Bin\
Target\macOS\Examples\
Target\macOS\Lib\Obj\.gitignore
Target\macOS\Lib\Obj\.c
Target\macOS\Lib\Sym\.gitignore
Target\macOS\Obj\
Target\macOS\Sym\
Target\Win32\Bin
Target\Win32\Examples\Obj\*.a
Target\Win32\Examples\Obj\*.c
Target\Win32\Examples\Obj\*.oh
Target\Win32\Examples\Obj\*.sym
Target\Win32\Examples\*.dll
Target\Win32\Examples\*.exe
Target\Win32\Lib\C\
Target\Win32\Lib\Obj\.gitignore
Target\Win32\Lib\Obj\*.c
Target\Win32\Lib\Sym\.gitignore
Target\Win32\Lib\Test\
Target\Win32\Lib\Nuklear.a
Target\Win32\Obj\
Target\Win32\Sym\
Target\Win64\Bin
Target\Win64\Examples\Obj\*.a
Target\Win64\Examples\Obj\*.c
Target\Win64\Examples\Obj\*.oh
Target\Win64\Examples\Obj\*.sym
Target\Win64\Examples\*.dll
Target\Win64\Examples\*.exe
Target\Win64\Lib\C\
Target\Win64\Lib\Obj\.gitignore
Target\Win64\Lib\Obj\*.c
Target\Win64\Lib\Sym\.gitignore
Target\Win64\Lib\Test\
Target\Win64\Lib\Nuklear.a
Target\Win64\Obj\
Target\Win64\Sym\
